d:\vs\code\sanziqi\sanziqi\x64\debug\vc143.pdb
d:\vs\code\sanziqi\sanziqi\x64\debug\vc143.idb
d:\vs\code\sanziqi\sanziqi\x64\debug\game.nativecodeanalysis.sarif
d:\vs\code\sanziqi\sanziqi\x64\debug\game.nativecodeanalysis.xml
d:\vs\code\sanziqi\sanziqi\x64\debug\test.nativecodeanalysis.sarif
d:\vs\code\sanziqi\sanziqi\x64\debug\test.nativecodeanalysis.xml
d:\vs\code\sanziqi\sanziqi\x64\debug\test.obj
d:\vs\code\sanziqi\sanziqi\x64\debug\game.obj
d:\vs\code\sanziqi\x64\debug\sanziqi.exe
d:\vs\code\sanziqi\x64\debug\sanziqi.pdb
d:\vs\code\sanziqi\sanziqi\x64\debug\sanziqi.ilk
d:\vs\code\sanziqi\sanziqi\x64\debug\vc.nativecodeanalysis.all.xml
d:\vs\code\sanziqi\sanziqi\x64\debug\sanziqi.tlog\cl.command.1.tlog
d:\vs\code\sanziqi\sanziqi\x64\debug\sanziqi.tlog\cl.items.tlog
d:\vs\code\sanziqi\sanziqi\x64\debug\sanziqi.tlog\cl.read.1.tlog
d:\vs\code\sanziqi\sanziqi\x64\debug\sanziqi.tlog\cl.write.1.tlog
d:\vs\code\sanziqi\sanziqi\x64\debug\sanziqi.tlog\link.command.1.tlog
d:\vs\code\sanziqi\sanziqi\x64\debug\sanziqi.tlog\link.read.1.tlog
d:\vs\code\sanziqi\sanziqi\x64\debug\sanziqi.tlog\link.secondary.1.tlog
d:\vs\code\sanziqi\sanziqi\x64\debug\sanziqi.tlog\link.write.1.tlog
